<?xml version="1.0"?>
<link_info>
   <banner>MSP430 Linker PC v4.2.1</banner>
   <copyright>Copyright (c) 2003-2013 Texas Instruments Incorporated</copyright>
   <link_time>0x5743e212</link_time>
   <link_errors>0x0</link_errors>
   <output_file>X002SmartDormitory-Model.out</output_file>
   <entry_point>
      <name>_c_int00</name>
      <address>0x546c</address>
   </entry_point>
   <input_file_list>
      <input_file id="fl-2">
         <path>.\51\</path>
         <kind>object</kind>
         <file>C51.obj</file>
         <name>C51.obj</name>
      </input_file>
      <input_file id="fl-3">
         <path>.\Alarm\</path>
         <kind>object</kind>
         <file>Alarm.obj</file>
         <name>Alarm.obj</name>
      </input_file>
      <input_file id="fl-4">
         <path>.\DHT11\</path>
         <kind>object</kind>
         <file>DHT11.obj</file>
         <name>DHT11.obj</name>
      </input_file>
      <input_file id="fl-5">
         <path>.\DS1302\</path>
         <kind>object</kind>
         <file>DS1302.obj</file>
         <name>DS1302.obj</name>
      </input_file>
      <input_file id="fl-6">
         <path>.\HC05\</path>
         <kind>object</kind>
         <file>HC05.obj</file>
         <name>HC05.obj</name>
      </input_file>
      <input_file id="fl-7">
         <path>.\LCD12864\</path>
         <kind>object</kind>
         <file>Lcd12864.obj</file>
         <name>Lcd12864.obj</name>
      </input_file>
      <input_file id="fl-8">
         <path>.\LCD12864\</path>
         <kind>object</kind>
         <file>Display.obj</file>
         <name>Display.obj</name>
      </input_file>
      <input_file id="fl-9">
         <path>.\LED\</path>
         <kind>object</kind>
         <file>LED.obj</file>
         <name>LED.obj</name>
      </input_file>
      <input_file id="fl-a">
         <path>.\Model\</path>
         <kind>object</kind>
         <file>Model.obj</file>
         <name>Model.obj</name>
      </input_file>
      <input_file id="fl-b">
         <path>.\Schedule\</path>
         <kind>object</kind>
         <file>Schedule.obj</file>
         <name>Schedule.obj</name>
      </input_file>
      <input_file id="fl-c">
         <path>.\</path>
         <kind>object</kind>
         <file>main.obj</file>
         <name>main.obj</name>
      </input_file>
      <input_file id="fl-2c">
         <path>E:\Installwin10\TI\ccsv5\tools\compiler\msp430_4.2.1\lib\</path>
         <kind>archive</kind>
         <file>rts430x_lc_sd_eabi.lib</file>
         <name>boot.obj</name>
      </input_file>
      <input_file id="fl-2d">
         <path>E:\Installwin10\TI\ccsv5\tools\compiler\msp430_4.2.1\lib\</path>
         <kind>archive</kind>
         <file>rts430x_lc_sd_eabi.lib</file>
         <name>copy_decompress_none.obj</name>
      </input_file>
      <input_file id="fl-2e">
         <path>E:\Installwin10\TI\ccsv5\tools\compiler\msp430_4.2.1\lib\</path>
         <kind>archive</kind>
         <file>rts430x_lc_sd_eabi.lib</file>
         <name>copy_decompress_rle.obj</name>
      </input_file>
      <input_file id="fl-2f">
         <path>E:\Installwin10\TI\ccsv5\tools\compiler\msp430_4.2.1\lib\</path>
         <kind>archive</kind>
         <file>rts430x_lc_sd_eabi.lib</file>
         <name>copy_zero_init.obj</name>
      </input_file>
      <input_file id="fl-30">
         <path>E:\Installwin10\TI\ccsv5\tools\compiler\msp430_4.2.1\lib\</path>
         <kind>archive</kind>
         <file>rts430x_lc_sd_eabi.lib</file>
         <name>cpy_util.obj</name>
      </input_file>
      <input_file id="fl-31">
         <path>E:\Installwin10\TI\ccsv5\tools\compiler\msp430_4.2.1\lib\</path>
         <kind>archive</kind>
         <file>rts430x_lc_sd_eabi.lib</file>
         <name>div16s.obj</name>
      </input_file>
      <input_file id="fl-32">
         <path>E:\Installwin10\TI\ccsv5\tools\compiler\msp430_4.2.1\lib\</path>
         <kind>archive</kind>
         <file>rts430x_lc_sd_eabi.lib</file>
         <name>div16u.obj</name>
      </input_file>
      <input_file id="fl-33">
         <path>E:\Installwin10\TI\ccsv5\tools\compiler\msp430_4.2.1\lib\</path>
         <kind>archive</kind>
         <file>rts430x_lc_sd_eabi.lib</file>
         <name>exit.obj</name>
      </input_file>
      <input_file id="fl-34">
         <path>E:\Installwin10\TI\ccsv5\tools\compiler\msp430_4.2.1\lib\</path>
         <kind>archive</kind>
         <file>rts430x_lc_sd_eabi.lib</file>
         <name>int41.obj</name>
      </input_file>
      <input_file id="fl-35">
         <path>E:\Installwin10\TI\ccsv5\tools\compiler\msp430_4.2.1\lib\</path>
         <kind>archive</kind>
         <file>rts430x_lc_sd_eabi.lib</file>
         <name>int42.obj</name>
      </input_file>
      <input_file id="fl-36">
         <path>E:\Installwin10\TI\ccsv5\tools\compiler\msp430_4.2.1\lib\</path>
         <kind>archive</kind>
         <file>rts430x_lc_sd_eabi.lib</file>
         <name>int43.obj</name>
      </input_file>
      <input_file id="fl-37">
         <path>E:\Installwin10\TI\ccsv5\tools\compiler\msp430_4.2.1\lib\</path>
         <kind>archive</kind>
         <file>rts430x_lc_sd_eabi.lib</file>
         <name>int44.obj</name>
      </input_file>
      <input_file id="fl-38">
         <path>E:\Installwin10\TI\ccsv5\tools\compiler\msp430_4.2.1\lib\</path>
         <kind>archive</kind>
         <file>rts430x_lc_sd_eabi.lib</file>
         <name>int45.obj</name>
      </input_file>
      <input_file id="fl-39">
         <path>E:\Installwin10\TI\ccsv5\tools\compiler\msp430_4.2.1\lib\</path>
         <kind>archive</kind>
         <file>rts430x_lc_sd_eabi.lib</file>
         <name>int47.obj</name>
      </input_file>
      <input_file id="fl-3a">
         <path>E:\Installwin10\TI\ccsv5\tools\compiler\msp430_4.2.1\lib\</path>
         <kind>archive</kind>
         <file>rts430x_lc_sd_eabi.lib</file>
         <name>int48.obj</name>
      </input_file>
      <input_file id="fl-3b">
         <path>E:\Installwin10\TI\ccsv5\tools\compiler\msp430_4.2.1\lib\</path>
         <kind>archive</kind>
         <file>rts430x_lc_sd_eabi.lib</file>
         <name>int49.obj</name>
      </input_file>
      <input_file id="fl-3c">
         <path>E:\Installwin10\TI\ccsv5\tools\compiler\msp430_4.2.1\lib\</path>
         <kind>archive</kind>
         <file>rts430x_lc_sd_eabi.lib</file>
         <name>int50.obj</name>
      </input_file>
      <input_file id="fl-3d">
         <path>E:\Installwin10\TI\ccsv5\tools\compiler\msp430_4.2.1\lib\</path>
         <kind>archive</kind>
         <file>rts430x_lc_sd_eabi.lib</file>
         <name>int51.obj</name>
      </input_file>
      <input_file id="fl-3e">
         <path>E:\Installwin10\TI\ccsv5\tools\compiler\msp430_4.2.1\lib\</path>
         <kind>archive</kind>
         <file>rts430x_lc_sd_eabi.lib</file>
         <name>int52.obj</name>
      </input_file>
      <input_file id="fl-3f">
         <path>E:\Installwin10\TI\ccsv5\tools\compiler\msp430_4.2.1\lib\</path>
         <kind>archive</kind>
         <file>rts430x_lc_sd_eabi.lib</file>
         <name>int53.obj</name>
      </input_file>
      <input_file id="fl-40">
         <path>E:\Installwin10\TI\ccsv5\tools\compiler\msp430_4.2.1\lib\</path>
         <kind>archive</kind>
         <file>rts430x_lc_sd_eabi.lib</file>
         <name>int54.obj</name>
      </input_file>
      <input_file id="fl-41">
         <path>E:\Installwin10\TI\ccsv5\tools\compiler\msp430_4.2.1\lib\</path>
         <kind>archive</kind>
         <file>rts430x_lc_sd_eabi.lib</file>
         <name>int55.obj</name>
      </input_file>
      <input_file id="fl-42">
         <path>E:\Installwin10\TI\ccsv5\tools\compiler\msp430_4.2.1\lib\</path>
         <kind>archive</kind>
         <file>rts430x_lc_sd_eabi.lib</file>
         <name>int57.obj</name>
      </input_file>
      <input_file id="fl-43">
         <path>E:\Installwin10\TI\ccsv5\tools\compiler\msp430_4.2.1\lib\</path>
         <kind>archive</kind>
         <file>rts430x_lc_sd_eabi.lib</file>
         <name>int58.obj</name>
      </input_file>
      <input_file id="fl-44">
         <path>E:\Installwin10\TI\ccsv5\tools\compiler\msp430_4.2.1\lib\</path>
         <kind>archive</kind>
         <file>rts430x_lc_sd_eabi.lib</file>
         <name>int59.obj</name>
      </input_file>
      <input_file id="fl-45">
         <path>E:\Installwin10\TI\ccsv5\tools\compiler\msp430_4.2.1\lib\</path>
         <kind>archive</kind>
         <file>rts430x_lc_sd_eabi.lib</file>
         <name>int60.obj</name>
      </input_file>
      <input_file id="fl-46">
         <path>E:\Installwin10\TI\ccsv5\tools\compiler\msp430_4.2.1\lib\</path>
         <kind>archive</kind>
         <file>rts430x_lc_sd_eabi.lib</file>
         <name>int61.obj</name>
      </input_file>
      <input_file id="fl-47">
         <path>E:\Installwin10\TI\ccsv5\tools\compiler\msp430_4.2.1\lib\</path>
         <kind>archive</kind>
         <file>rts430x_lc_sd_eabi.lib</file>
         <name>int62.obj</name>
      </input_file>
      <input_file id="fl-48">
         <path>E:\Installwin10\TI\ccsv5\tools\compiler\msp430_4.2.1\lib\</path>
         <kind>archive</kind>
         <file>rts430x_lc_sd_eabi.lib</file>
         <name>isr_trap.obj</name>
      </input_file>
      <input_file id="fl-49">
         <path>E:\Installwin10\TI\ccsv5\tools\compiler\msp430_4.2.1\lib\</path>
         <kind>archive</kind>
         <file>rts430x_lc_sd_eabi.lib</file>
         <name>mult16_f5hw.obj</name>
      </input_file>
      <input_file id="fl-4a">
         <path>E:\Installwin10\TI\ccsv5\tools\compiler\msp430_4.2.1\lib\</path>
         <kind>archive</kind>
         <file>rts430x_lc_sd_eabi.lib</file>
         <name>pre_init.obj</name>
      </input_file>
      <input_file id="fl-4b">
         <path>E:\Installwin10\TI\ccsv5\tools\compiler\msp430_4.2.1\lib\</path>
         <kind>archive</kind>
         <file>rts430x_lc_sd_eabi.lib</file>
         <name>_lock.obj</name>
      </input_file>
      <input_file id="fl-4c">
         <path>E:\Installwin10\TI\ccsv5\tools\compiler\msp430_4.2.1\lib\</path>
         <kind>archive</kind>
         <file>rts430x_lc_sd_eabi.lib</file>
         <name>args_main.obj</name>
      </input_file>
      <input_file id="fl-4d">
         <path>E:\Installwin10\TI\ccsv5\tools\compiler\msp430_4.2.1\lib\</path>
         <kind>archive</kind>
         <file>rts430x_lc_sd_eabi.lib</file>
         <name>autoinit.obj</name>
      </input_file>
   </input_file_list>
   <object_component_list>
      <object_component id="oc-93">
         <name>.stack</name>
         <uninitialized>true</uninitialized>
         <run_address>0x4360</run_address>
         <size>0x2</size>
         <input_file_ref idref="fl-2c"/>
      </object_component>
      <object_component id="oc-2ec">
         <name>.stack</name>
         <uninitialized>true</uninitialized>
         <run_address>0x4360</run_address>
         <size>0x0</size>
      </object_component>
      <object_component id="oc-a9">
         <name>.text:main</name>
         <load_address>0x5486</load_address>
         <run_address>0x5486</run_address>
         <size>0x18e</size>
         <input_file_ref idref="fl-c"/>
      </object_component>
      <object_component id="oc-16b">
         <name>.text:init_1302</name>
         <load_address>0x5614</load_address>
         <run_address>0x5614</run_address>
         <size>0x15c</size>
         <input_file_ref idref="fl-5"/>
      </object_component>
      <object_component id="oc-cb">
         <name>.text:__TI_decompress_rle_core</name>
         <load_address>0x5770</load_address>
         <run_address>0x5770</run_address>
         <size>0xd8</size>
         <input_file_ref idref="fl-2e"/>
      </object_component>
      <object_component id="oc-103">
         <name>.text:start_DHT11</name>
         <load_address>0x5848</load_address>
         <run_address>0x5848</run_address>
         <size>0xac</size>
         <input_file_ref idref="fl-4"/>
      </object_component>
      <object_component id="oc-108">
         <name>.text:Send</name>
         <load_address>0x58f4</load_address>
         <run_address>0x58f4</run_address>
         <size>0x8c</size>
         <input_file_ref idref="fl-7"/>
      </object_component>
      <object_component id="oc-fe">
         <name>.text:Ini_Lcd</name>
         <load_address>0x5980</load_address>
         <run_address>0x5980</run_address>
         <size>0x88</size>
         <input_file_ref idref="fl-7"/>
      </object_component>
      <object_component id="oc-133">
         <name>.text:Datas</name>
         <load_address>0x5a08</load_address>
         <run_address>0x5a08</run_address>
         <size>0x76</size>
         <input_file_ref idref="fl-8"/>
      </object_component>
      <object_component id="oc-a4">
         <name>.text:_auto_init</name>
         <load_address>0x5a7e</load_address>
         <run_address>0x5a7e</run_address>
         <size>0x70</size>
         <input_file_ref idref="fl-4d"/>
      </object_component>
      <object_component id="oc-124">
         <name>.text:Mons</name>
         <load_address>0x5aee</load_address>
         <run_address>0x5aee</run_address>
         <size>0x60</size>
         <input_file_ref idref="fl-8"/>
      </object_component>
      <object_component id="oc-116">
         <name>.text:Times</name>
         <load_address>0x5b4e</load_address>
         <run_address>0x5b4e</run_address>
         <size>0x5e</size>
         <input_file_ref idref="fl-8"/>
      </object_component>
      <object_component id="oc-188">
         <name>.text:DHT11_ReadChar</name>
         <load_address>0x5bac</load_address>
         <run_address>0x5bac</run_address>
         <size>0x4a</size>
         <input_file_ref idref="fl-4"/>
      </object_component>
      <object_component id="oc-1c0">
         <name>.text:Disp_SZ</name>
         <load_address>0x5bf6</load_address>
         <run_address>0x5bf6</run_address>
         <size>0x42</size>
         <input_file_ref idref="fl-7"/>
      </object_component>
      <object_component id="oc-262">
         <name>.text:Write_Byte</name>
         <load_address>0x5c38</load_address>
         <run_address>0x5c38</run_address>
         <size>0x42</size>
         <input_file_ref idref="fl-5"/>
      </object_component>
      <object_component id="oc-144">
         <name>.text:is_altime</name>
         <load_address>0x5c7a</load_address>
         <run_address>0x5c7a</run_address>
         <size>0x42</size>
         <input_file_ref idref="fl-3"/>
      </object_component>
      <object_component id="oc-b9">
         <name>.text:__memcpy_far</name>
         <load_address>0x5cbc</load_address>
         <run_address>0x5cbc</run_address>
         <size>0x40</size>
         <input_file_ref idref="fl-30"/>
      </object_component>
      <object_component id="oc-267">
         <name>.text:Read_Byte</name>
         <load_address>0x5cfc</load_address>
         <run_address>0x5cfc</run_address>
         <size>0x3e</size>
         <input_file_ref idref="fl-5"/>
      </object_component>
      <object_component id="oc-89">
         <name>.text:decompress:ZI:__TI_zero_init</name>
         <load_address>0x5d3a</load_address>
         <run_address>0x5d3a</run_address>
         <size>0x3e</size>
         <input_file_ref idref="fl-2f"/>
      </object_component>
      <object_component id="oc-84">
         <name>.text:decompress:none:__TI_decompress_none</name>
         <load_address>0x5d78</load_address>
         <run_address>0x5d78</run_address>
         <size>0x3c</size>
         <input_file_ref idref="fl-2d"/>
      </object_component>
      <object_component id="oc-14a">
         <name>.text:showclass</name>
         <load_address>0x5db4</load_address>
         <run_address>0x5db4</run_address>
         <size>0x3c</size>
         <input_file_ref idref="fl-b"/>
      </object_component>
      <object_component id="oc-11c">
         <name>.text:Weeks</name>
         <load_address>0x5df0</load_address>
         <run_address>0x5df0</run_address>
         <size>0x2c</size>
         <input_file_ref idref="fl-8"/>
      </object_component>
      <object_component id="oc-219">
         <name>.text</name>
         <load_address>0x5e1c</load_address>
         <run_address>0x5e1c</run_address>
         <size>0x2c</size>
         <input_file_ref idref="fl-31"/>
      </object_component>
      <object_component id="oc-1cb">
         <name>.text:Disp_HZ</name>
         <load_address>0x5e48</load_address>
         <run_address>0x5e48</run_address>
         <size>0x2a</size>
         <input_file_ref idref="fl-7"/>
      </object_component>
      <object_component id="oc-f4">
         <name>.text:Init_HC05</name>
         <load_address>0x5e72</load_address>
         <run_address>0x5e72</run_address>
         <size>0x2a</size>
         <input_file_ref idref="fl-6"/>
      </object_component>
      <object_component id="oc-f9">
         <name>.text:init_C51</name>
         <load_address>0x5e9c</load_address>
         <run_address>0x5e9c</run_address>
         <size>0x2a</size>
         <input_file_ref idref="fl-2"/>
      </object_component>
      <object_component id="oc-1a9">
         <name>.text:readday</name>
         <load_address>0x5ec6</load_address>
         <run_address>0x5ec6</run_address>
         <size>0x26</size>
         <input_file_ref idref="fl-5"/>
      </object_component>
      <object_component id="oc-1a4">
         <name>.text:readhour</name>
         <load_address>0x5eec</load_address>
         <run_address>0x5eec</run_address>
         <size>0x26</size>
         <input_file_ref idref="fl-5"/>
      </object_component>
      <object_component id="oc-19f">
         <name>.text:readminute</name>
         <load_address>0x5f12</load_address>
         <run_address>0x5f12</run_address>
         <size>0x26</size>
         <input_file_ref idref="fl-5"/>
      </object_component>
      <object_component id="oc-1ae">
         <name>.text:readmonth</name>
         <load_address>0x5f38</load_address>
         <run_address>0x5f38</run_address>
         <size>0x26</size>
         <input_file_ref idref="fl-5"/>
      </object_component>
      <object_component id="oc-19a">
         <name>.text:readsecond</name>
         <load_address>0x5f5e</load_address>
         <run_address>0x5f5e</run_address>
         <size>0x26</size>
         <input_file_ref idref="fl-5"/>
      </object_component>
      <object_component id="oc-1b3">
         <name>.text:readweek</name>
         <load_address>0x5f84</load_address>
         <run_address>0x5f84</run_address>
         <size>0x26</size>
         <input_file_ref idref="fl-5"/>
      </object_component>
      <object_component id="oc-214">
         <name>.text:Write_dat</name>
         <load_address>0x5faa</load_address>
         <run_address>0x5faa</run_address>
         <size>0x24</size>
         <input_file_ref idref="fl-5"/>
      </object_component>
      <object_component id="oc-e6">
         <name>.text:C51_tsend</name>
         <load_address>0x5fce</load_address>
         <run_address>0x5fce</run_address>
         <size>0x22</size>
         <input_file_ref idref="fl-2"/>
      </object_component>
      <object_component id="oc-e1">
         <name>.text:HC05_tsend</name>
         <load_address>0x5ff0</load_address>
         <run_address>0x5ff0</run_address>
         <size>0x22</size>
         <input_file_ref idref="fl-6"/>
      </object_component>
      <object_component id="oc-1b8">
         <name>.text:readyear</name>
         <load_address>0x6012</load_address>
         <run_address>0x6012</run_address>
         <size>0x22</size>
         <input_file_ref idref="fl-5"/>
      </object_component>
      <object_component id="oc-138">
         <name>.text:is_classtime</name>
         <load_address>0x6034</load_address>
         <run_address>0x6034</run_address>
         <size>0x20</size>
         <input_file_ref idref="fl-b"/>
      </object_component>
      <object_component id="oc-20d">
         <name>.text:read_1302add</name>
         <load_address>0x6054</load_address>
         <run_address>0x6054</run_address>
         <size>0x20</size>
         <input_file_ref idref="fl-5"/>
      </object_component>
      <object_component id="oc-10d">
         <name>.text:readtime</name>
         <load_address>0x6074</load_address>
         <run_address>0x6074</run_address>
         <size>0x1e</size>
         <input_file_ref idref="fl-5"/>
      </object_component>
      <object_component id="oc-12c">
         <name>.text:maintra</name>
         <load_address>0x6092</load_address>
         <run_address>0x6092</run_address>
         <size>0x1a</size>
         <input_file_ref idref="fl-a"/>
      </object_component>
      <object_component id="oc-232">
         <name>.text</name>
         <load_address>0x60ac</load_address>
         <run_address>0x60ac</run_address>
         <size>0x16</size>
         <input_file_ref idref="fl-32"/>
      </object_component>
      <object_component id="oc-1c5">
         <name>.text</name>
         <load_address>0x60c2</load_address>
         <run_address>0x60c2</run_address>
         <size>0x16</size>
         <input_file_ref idref="fl-49"/>
      </object_component>
      <object_component id="oc-27a">
         <name>.text:delay</name>
         <load_address>0x60d8</load_address>
         <run_address>0x60d8</run_address>
         <size>0x10</size>
         <input_file_ref idref="fl-5"/>
      </object_component>
      <object_component id="oc-ef">
         <name>.text:Init_DS1302</name>
         <load_address>0x60e8</load_address>
         <run_address>0x60e8</run_address>
         <size>0xe</size>
         <input_file_ref idref="fl-5"/>
      </object_component>
      <object_component id="oc-8e">
         <name>.text:decompress:rle24:__TI_decompress_rle24</name>
         <load_address>0x60f6</load_address>
         <run_address>0x60f6</run_address>
         <size>0xe</size>
         <input_file_ref idref="fl-2e"/>
      </object_component>
      <object_component id="oc-96">
         <name>.text:__TI_ISR_TRAP</name>
         <load_address>0x6104</load_address>
         <run_address>0x6104</run_address>
         <size>0x6</size>
         <input_file_ref idref="fl-48"/>
      </object_component>
      <object_component id="oc-9f">
         <name>.text:_system_pre_init</name>
         <load_address>0x610a</load_address>
         <run_address>0x610a</run_address>
         <size>0x4</size>
         <input_file_ref idref="fl-4a"/>
      </object_component>
      <object_component id="oc-ae">
         <name>.text:abort</name>
         <load_address>0x610e</load_address>
         <run_address>0x610e</run_address>
         <size>0x4</size>
         <input_file_ref idref="fl-33"/>
      </object_component>
      <object_component id="oc-b4">
         <name>.text:_isr:USCI_A0_ISR</name>
         <load_address>0x52a4</load_address>
         <run_address>0x52a4</run_address>
         <size>0x166</size>
         <input_file_ref idref="fl-6"/>
      </object_component>
      <object_component id="oc-9a">
         <name>.text:_isr:USCI_A1_ISR</name>
         <load_address>0x540a</load_address>
         <run_address>0x540a</run_address>
         <size>0x62</size>
         <input_file_ref idref="fl-2"/>
      </object_component>
      <object_component id="oc-72">
         <name>.text:_isr:_c_int00_noexit</name>
         <load_address>0x546c</load_address>
         <run_address>0x546c</run_address>
         <size>0x1a</size>
         <input_file_ref idref="fl-2c"/>
      </object_component>
      <object_component id="oc-2eb">
         <name>.cinit..data.load</name>
         <load_address>0x6112</load_address>
         <run_address>0x6112</run_address>
         <size>0xe</size>
      </object_component>
      <object_component id="oc-2e8">
         <name>__TI_handler_table</name>
         <load_address>0x6120</load_address>
         <run_address>0x6120</run_address>
         <size>0xc</size>
      </object_component>
      <object_component id="oc-2ea">
         <name>.cinit..bss.load</name>
         <load_address>0x612c</load_address>
         <run_address>0x612c</run_address>
         <size>0x6</size>
      </object_component>
      <object_component id="oc-2e9">
         <name>__TI_cinit_table</name>
         <load_address>0x6132</load_address>
         <run_address>0x6132</run_address>
         <size>0x10</size>
      </object_component>
      <object_component id="oc-1c9">
         <name>.const:timem</name>
         <load_address>0x4400</load_address>
         <run_address>0x4400</run_address>
         <size>0xe10</size>
         <input_file_ref idref="fl-8"/>
      </object_component>
      <object_component id="oc-1d5">
         <name>.const:weeks</name>
         <load_address>0x5210</load_address>
         <run_address>0x5210</run_address>
         <size>0x31</size>
         <input_file_ref idref="fl-8"/>
      </object_component>
      <object_component id="oc-204">
         <name>.const:.string:CL1m</name>
         <load_address>0x5242</load_address>
         <run_address>0x5242</run_address>
         <size>0xd</size>
         <input_file_ref idref="fl-b"/>
      </object_component>
      <object_component id="oc-236">
         <name>.const:.string:shuzi_table</name>
         <load_address>0x5250</load_address>
         <run_address>0x5250</run_address>
         <size>0xa</size>
         <input_file_ref idref="fl-7"/>
      </object_component>
      <object_component id="oc-1ee">
         <name>.const:weather</name>
         <load_address>0x525a</load_address>
         <run_address>0x525a</run_address>
         <size>0xa</size>
         <input_file_ref idref="fl-8"/>
      </object_component>
      <object_component id="oc-206">
         <name>.const:.string:CL1k</name>
         <load_address>0x5264</load_address>
         <run_address>0x5264</run_address>
         <size>0x9</size>
         <input_file_ref idref="fl-b"/>
      </object_component>
      <object_component id="oc-202">
         <name>.const:.string:CL1s</name>
         <load_address>0x526e</load_address>
         <run_address>0x526e</run_address>
         <size>0x9</size>
         <input_file_ref idref="fl-b"/>
      </object_component>
      <object_component id="oc-208">
         <name>.const:.string:CL1t</name>
         <load_address>0x5278</load_address>
         <run_address>0x5278</run_address>
         <size>0x5</size>
         <input_file_ref idref="fl-b"/>
      </object_component>
      <object_component id="oc-1d3">
         <name>.const:.string:weekc</name>
         <load_address>0x527e</load_address>
         <run_address>0x527e</run_address>
         <size>0x5</size>
         <input_file_ref idref="fl-8"/>
      </object_component>
      <object_component id="oc-1f4">
         <name>.const:.string:CL1</name>
         <load_address>0x5284</load_address>
         <run_address>0x5284</run_address>
         <size>0x4</size>
         <input_file_ref idref="fl-b"/>
      </object_component>
      <object_component id="oc-1d0">
         <name>.const:time</name>
         <load_address>0x5288</load_address>
         <run_address>0x5288</run_address>
         <size>0x4</size>
         <input_file_ref idref="fl-8"/>
      </object_component>
      <object_component id="oc-1dc">
         <name>.const:.string:hday</name>
         <load_address>0x528c</load_address>
         <run_address>0x528c</run_address>
         <size>0x3</size>
         <input_file_ref idref="fl-8"/>
      </object_component>
      <object_component id="oc-1da">
         <name>.const:.string:hmonth</name>
         <load_address>0x5290</load_address>
         <run_address>0x5290</run_address>
         <size>0x3</size>
         <input_file_ref idref="fl-8"/>
      </object_component>
      <object_component id="oc-1ea">
         <name>.const:.string:humidity</name>
         <load_address>0x5294</load_address>
         <run_address>0x5294</run_address>
         <size>0x3</size>
         <input_file_ref idref="fl-8"/>
      </object_component>
      <object_component id="oc-1d8">
         <name>.const:.string:hyear</name>
         <load_address>0x5298</load_address>
         <run_address>0x5298</run_address>
         <size>0x3</size>
         <input_file_ref idref="fl-8"/>
      </object_component>
      <object_component id="oc-1ec">
         <name>.const:.string:light</name>
         <load_address>0x529c</load_address>
         <run_address>0x529c</run_address>
         <size>0x3</size>
         <input_file_ref idref="fl-8"/>
      </object_component>
      <object_component id="oc-1e8">
         <name>.const:.string:temperature</name>
         <load_address>0x52a0</load_address>
         <run_address>0x52a0</run_address>
         <size>0x3</size>
         <input_file_ref idref="fl-8"/>
      </object_component>
      <object_component id="oc-69">
         <name>.int41</name>
         <load_address>0xffd2</load_address>
         <run_address>0xffd2</run_address>
         <size>0x2</size>
         <input_file_ref idref="fl-34"/>
      </object_component>
      <object_component id="oc-6a">
         <name>.int42</name>
         <load_address>0xffd4</load_address>
         <run_address>0xffd4</run_address>
         <size>0x2</size>
         <input_file_ref idref="fl-35"/>
      </object_component>
      <object_component id="oc-6b">
         <name>.int43</name>
         <load_address>0xffd6</load_address>
         <run_address>0xffd6</run_address>
         <size>0x2</size>
         <input_file_ref idref="fl-36"/>
      </object_component>
      <object_component id="oc-6c">
         <name>.int44</name>
         <load_address>0xffd8</load_address>
         <run_address>0xffd8</run_address>
         <size>0x2</size>
         <input_file_ref idref="fl-37"/>
      </object_component>
      <object_component id="oc-6d">
         <name>.int45</name>
         <load_address>0xffda</load_address>
         <run_address>0xffda</run_address>
         <size>0x2</size>
         <input_file_ref idref="fl-38"/>
      </object_component>
      <object_component id="oc-6e">
         <name>.int46</name>
         <load_address>0xffdc</load_address>
         <run_address>0xffdc</run_address>
         <size>0x2</size>
         <input_file_ref idref="fl-2"/>
      </object_component>
      <object_component id="oc-6f">
         <name>.int47</name>
         <load_address>0xffde</load_address>
         <run_address>0xffde</run_address>
         <size>0x2</size>
         <input_file_ref idref="fl-39"/>
      </object_component>
      <object_component id="oc-70">
         <name>.int48</name>
         <load_address>0xffe0</load_address>
         <run_address>0xffe0</run_address>
         <size>0x2</size>
         <input_file_ref idref="fl-3a"/>
      </object_component>
      <object_component id="oc-71">
         <name>.int49</name>
         <load_address>0xffe2</load_address>
         <run_address>0xffe2</run_address>
         <size>0x2</size>
         <input_file_ref idref="fl-3b"/>
      </object_component>
      <object_component id="oc-77">
         <name>.int50</name>
         <load_address>0xffe4</load_address>
         <run_address>0xffe4</run_address>
         <size>0x2</size>
         <input_file_ref idref="fl-3c"/>
      </object_component>
      <object_component id="oc-78">
         <name>.int51</name>
         <load_address>0xffe6</load_address>
         <run_address>0xffe6</run_address>
         <size>0x2</size>
         <input_file_ref idref="fl-3d"/>
      </object_component>
      <object_component id="oc-79">
         <name>.int52</name>
         <load_address>0xffe8</load_address>
         <run_address>0xffe8</run_address>
         <size>0x2</size>
         <input_file_ref idref="fl-3e"/>
      </object_component>
      <object_component id="oc-7a">
         <name>.int53</name>
         <load_address>0xffea</load_address>
         <run_address>0xffea</run_address>
         <size>0x2</size>
         <input_file_ref idref="fl-3f"/>
      </object_component>
      <object_component id="oc-7b">
         <name>.int54</name>
         <load_address>0xffec</load_address>
         <run_address>0xffec</run_address>
         <size>0x2</size>
         <input_file_ref idref="fl-40"/>
      </object_component>
      <object_component id="oc-7c">
         <name>.int55</name>
         <load_address>0xffee</load_address>
         <run_address>0xffee</run_address>
         <size>0x2</size>
         <input_file_ref idref="fl-41"/>
      </object_component>
      <object_component id="oc-7d">
         <name>.int56</name>
         <load_address>0xfff0</load_address>
         <run_address>0xfff0</run_address>
         <size>0x2</size>
         <input_file_ref idref="fl-6"/>
      </object_component>
      <object_component id="oc-7e">
         <name>.int57</name>
         <load_address>0xfff2</load_address>
         <run_address>0xfff2</run_address>
         <size>0x2</size>
         <input_file_ref idref="fl-42"/>
      </object_component>
      <object_component id="oc-7f">
         <name>.int58</name>
         <load_address>0xfff4</load_address>
         <run_address>0xfff4</run_address>
         <size>0x2</size>
         <input_file_ref idref="fl-43"/>
      </object_component>
      <object_component id="oc-80">
         <name>.int59</name>
         <load_address>0xfff6</load_address>
         <run_address>0xfff6</run_address>
         <size>0x2</size>
         <input_file_ref idref="fl-44"/>
      </object_component>
      <object_component id="oc-81">
         <name>.int60</name>
         <load_address>0xfff8</load_address>
         <run_address>0xfff8</run_address>
         <size>0x2</size>
         <input_file_ref idref="fl-45"/>
      </object_component>
      <object_component id="oc-82">
         <name>.int61</name>
         <load_address>0xfffa</load_address>
         <run_address>0xfffa</run_address>
         <size>0x2</size>
         <input_file_ref idref="fl-46"/>
      </object_component>
      <object_component id="oc-83">
         <name>.int62</name>
         <load_address>0xfffc</load_address>
         <run_address>0xfffc</run_address>
         <size>0x2</size>
         <input_file_ref idref="fl-47"/>
      </object_component>
      <object_component id="oc-95">
         <name>.reset</name>
         <load_address>0xfffe</load_address>
         <run_address>0xfffe</run_address>
         <size>0x2</size>
         <input_file_ref idref="fl-2c"/>
      </object_component>
      <object_component id="oc-200">
         <name>.common:timetemp</name>
         <uninitialized>true</uninitialized>
         <run_address>0x2400</run_address>
         <size>0x6</size>
      </object_component>
      <object_component id="oc-212">
         <name>.common:flag</name>
         <uninitialized>true</uninitialized>
         <run_address>0x2421</run_address>
         <size>0x1</size>
      </object_component>
      <object_component id="oc-166">
         <name>.common:yeart</name>
         <uninitialized>true</uninitialized>
         <run_address>0x2416</run_address>
         <size>0x2</size>
      </object_component>
      <object_component id="oc-165">
         <name>.common:mont</name>
         <uninitialized>true</uninitialized>
         <run_address>0x2412</run_address>
         <size>0x2</size>
      </object_component>
      <object_component id="oc-164">
         <name>.common:dayt</name>
         <uninitialized>true</uninitialized>
         <run_address>0x240c</run_address>
         <size>0x2</size>
      </object_component>
      <object_component id="oc-169">
         <name>.common:hourt</name>
         <uninitialized>true</uninitialized>
         <run_address>0x240e</run_address>
         <size>0x2</size>
      </object_component>
      <object_component id="oc-168">
         <name>.common:mint</name>
         <uninitialized>true</uninitialized>
         <run_address>0x2410</run_address>
         <size>0x2</size>
      </object_component>
      <object_component id="oc-167">
         <name>.common:cont</name>
         <uninitialized>true</uninitialized>
         <run_address>0x240a</run_address>
         <size>0x2</size>
      </object_component>
      <object_component id="oc-16a">
         <name>.common:weekt</name>
         <uninitialized>true</uninitialized>
         <run_address>0x2414</run_address>
         <size>0x2</size>
      </object_component>
      <object_component id="oc-21f">
         <name>.common:second</name>
         <uninitialized>true</uninitialized>
         <run_address>0x2427</run_address>
         <size>0x1</size>
      </object_component>
      <object_component id="oc-226">
         <name>.common:minute</name>
         <uninitialized>true</uninitialized>
         <run_address>0x2425</run_address>
         <size>0x1</size>
      </object_component>
      <object_component id="oc-228">
         <name>.common:hour</name>
         <uninitialized>true</uninitialized>
         <run_address>0x2422</run_address>
         <size>0x1</size>
      </object_component>
      <object_component id="oc-22e">
         <name>.common:week</name>
         <uninitialized>true</uninitialized>
         <run_address>0x242a</run_address>
         <size>0x1</size>
      </object_component>
      <object_component id="oc-22a">
         <name>.common:day</name>
         <uninitialized>true</uninitialized>
         <run_address>0x2420</run_address>
         <size>0x1</size>
      </object_component>
      <object_component id="oc-22c">
         <name>.common:month</name>
         <uninitialized>true</uninitialized>
         <run_address>0x2426</run_address>
         <size>0x1</size>
      </object_component>
      <object_component id="oc-230">
         <name>.common:year</name>
         <uninitialized>true</uninitialized>
         <run_address>0x242b</run_address>
         <size>0x1</size>
      </object_component>
      <object_component id="oc-1e2">
         <name>.common:DHT11T_Data_H</name>
         <uninitialized>true</uninitialized>
         <run_address>0x241b</run_address>
         <size>0x1</size>
      </object_component>
      <object_component id="oc-192">
         <name>.common:DHT11T_Data_L</name>
         <uninitialized>true</uninitialized>
         <run_address>0x241c</run_address>
         <size>0x1</size>
      </object_component>
      <object_component id="oc-1e5">
         <name>.common:DHT11RH_Data_H</name>
         <uninitialized>true</uninitialized>
         <run_address>0x2419</run_address>
         <size>0x1</size>
      </object_component>
      <object_component id="oc-190">
         <name>.common:DHT11RH_Data_L</name>
         <uninitialized>true</uninitialized>
         <run_address>0x241a</run_address>
         <size>0x1</size>
      </object_component>
      <object_component id="oc-18e">
         <name>.common:CheckData_temp</name>
         <uninitialized>true</uninitialized>
         <run_address>0x2418</run_address>
         <size>0x1</size>
      </object_component>
      <object_component id="oc-1e3">
         <name>.common:T_Data</name>
         <uninitialized>true</uninitialized>
         <run_address>0x241e</run_address>
         <size>0x1</size>
      </object_component>
      <object_component id="oc-1e6">
         <name>.common:RH_Data</name>
         <uninitialized>true</uninitialized>
         <run_address>0x241d</run_address>
         <size>0x1</size>
      </object_component>
      <object_component id="oc-1e1">
         <name>.common:TT_Data</name>
         <uninitialized>true</uninitialized>
         <run_address>0x2408</run_address>
         <size>0x2</size>
      </object_component>
      <object_component id="oc-1e4">
         <name>.common:TRH_Data</name>
         <uninitialized>true</uninitialized>
         <run_address>0x2406</run_address>
         <size>0x2</size>
      </object_component>
      <object_component id="oc-1f7">
         <name>.common:isal</name>
         <uninitialized>true</uninitialized>
         <run_address>0x2423</run_address>
         <size>0x1</size>
      </object_component>
      <object_component id="oc-1f2">
         <name>.common:timelong</name>
         <uninitialized>true</uninitialized>
         <run_address>0x2429</run_address>
         <size>0x1</size>
      </object_component>
      <object_component id="oc-156">
         <name>.common:secondts</name>
         <uninitialized>true</uninitialized>
         <run_address>0x2428</run_address>
         <size>0x1</size>
      </object_component>
      <object_component id="oc-158">
         <name>.common:mints</name>
         <uninitialized>true</uninitialized>
         <run_address>0x2424</run_address>
         <size>0x1</size>
      </object_component>
      <object_component id="oc-154">
         <name>.common:T_Datatemp</name>
         <uninitialized>true</uninitialized>
         <run_address>0x241f</run_address>
         <size>0x1</size>
      </object_component>
      <object_component id="oc-df">
         <name>.data</name>
         <load_address>0x242c</load_address>
         <run_address>0x242c</run_address>
         <size>0xa</size>
         <input_file_ref idref="fl-a"/>
      </object_component>
      <object_component id="oc-1fe">
         <name>.data:AlTime0</name>
         <load_address>0x2436</load_address>
         <run_address>0x2436</run_address>
         <size>0x6</size>
         <input_file_ref idref="fl-3"/>
      </object_component>
      <object_component id="oc-73">
         <name>.debug_info</name>
         <load_address>0x0</load_address>
         <run_address>0x0</run_address>
         <size>0x125</size>
         <input_file_ref idref="fl-2c"/>
      </object_component>
      <object_component id="oc-86">
         <name>.debug_info</name>
         <load_address>0x125</load_address>
         <run_address>0x125</run_address>
         <size>0x1b4</size>
         <input_file_ref idref="fl-2d"/>
      </object_component>
      <object_component id="oc-8b">
         <name>.debug_info</name>
         <load_address>0x2d9</load_address>
         <run_address>0x2d9</run_address>
         <size>0x183</size>
         <input_file_ref idref="fl-2f"/>
      </object_component>
      <object_component id="oc-91">
         <name>.debug_info</name>
         <load_address>0x45c</load_address>
         <run_address>0x45c</run_address>
         <size>0x1a7</size>
         <input_file_ref idref="fl-2e"/>
      </object_component>
      <object_component id="oc-94">
         <name>.debug_info</name>
         <load_address>0x603</load_address>
         <run_address>0x603</run_address>
         <size>0xaa</size>
         <input_file_ref idref="fl-2c"/>
      </object_component>
      <object_component id="oc-97">
         <name>.debug_info</name>
         <load_address>0x6ad</load_address>
         <run_address>0x6ad</run_address>
         <size>0xc2</size>
         <input_file_ref idref="fl-48"/>
      </object_component>
      <object_component id="oc-9b">
         <name>.debug_info</name>
         <load_address>0x76f</load_address>
         <run_address>0x76f</run_address>
         <size>0x123</size>
         <input_file_ref idref="fl-2"/>
      </object_component>
      <object_component id="oc-a1">
         <name>.debug_info</name>
         <load_address>0x892</load_address>
         <run_address>0x892</run_address>
         <size>0xfd</size>
         <input_file_ref idref="fl-4a"/>
      </object_component>
      <object_component id="oc-a5">
         <name>.debug_info</name>
         <load_address>0x98f</load_address>
         <run_address>0x98f</run_address>
         <size>0x176</size>
         <input_file_ref idref="fl-4d"/>
      </object_component>
      <object_component id="oc-ab">
         <name>.debug_info</name>
         <load_address>0xb05</load_address>
         <run_address>0xb05</run_address>
         <size>0x246</size>
         <input_file_ref idref="fl-c"/>
      </object_component>
      <object_component id="oc-af">
         <name>.debug_info</name>
         <load_address>0xd4b</load_address>
         <run_address>0xd4b</run_address>
         <size>0xcc</size>
         <input_file_ref idref="fl-33"/>
      </object_component>
      <object_component id="oc-b7">
         <name>.debug_info</name>
         <load_address>0xe17</load_address>
         <run_address>0xe17</run_address>
         <size>0x14d</size>
         <input_file_ref idref="fl-6"/>
      </object_component>
      <object_component id="oc-bc">
         <name>.debug_info</name>
         <load_address>0xf64</load_address>
         <run_address>0xf64</run_address>
         <size>0xcd</size>
         <input_file_ref idref="fl-30"/>
      </object_component>
      <object_component id="oc-be">
         <name>.debug_info</name>
         <load_address>0x1031</load_address>
         <run_address>0x1031</run_address>
         <size>0x46</size>
         <input_file_ref idref="fl-2d"/>
      </object_component>
      <object_component id="oc-c3">
         <name>.debug_info</name>
         <load_address>0x1077</load_address>
         <run_address>0x1077</run_address>
         <size>0x184</size>
         <input_file_ref idref="fl-2d"/>
      </object_component>
      <object_component id="oc-c5">
         <name>.debug_info</name>
         <load_address>0x11fb</load_address>
         <run_address>0x11fb</run_address>
         <size>0x46</size>
         <input_file_ref idref="fl-2f"/>
      </object_component>
      <object_component id="oc-ca">
         <name>.debug_info</name>
         <load_address>0x1241</load_address>
         <run_address>0x1241</run_address>
         <size>0x17f</size>
         <input_file_ref idref="fl-2f"/>
      </object_component>
      <object_component id="oc-ce">
         <name>.debug_info</name>
         <load_address>0x13c0</load_address>
         <run_address>0x13c0</run_address>
         <size>0x266</size>
         <input_file_ref idref="fl-2e"/>
      </object_component>
      <object_component id="oc-d1">
         <name>.debug_info</name>
         <load_address>0x1626</load_address>
         <run_address>0x1626</run_address>
         <size>0x189</size>
         <input_file_ref idref="fl-2e"/>
      </object_component>
      <object_component id="oc-d2">
         <name>.debug_info</name>
         <load_address>0x17af</load_address>
         <run_address>0x17af</run_address>
         <size>0x39</size>
         <input_file_ref idref="fl-2e"/>
      </object_component>
      <object_component id="oc-d9">
         <name>.debug_info</name>
         <load_address>0x17e8</load_address>
         <run_address>0x17e8</run_address>
         <size>0x84</size>
         <input_file_ref idref="fl-2"/>
      </object_component>
      <object_component id="oc-e0">
         <name>.debug_info</name>
         <load_address>0x186c</load_address>
         <run_address>0x186c</run_address>
         <size>0x140</size>
         <input_file_ref idref="fl-a"/>
      </object_component>
      <object_component id="oc-e2">
         <name>.debug_info</name>
         <load_address>0x19ac</load_address>
         <run_address>0x19ac</run_address>
         <size>0x139</size>
         <input_file_ref idref="fl-6"/>
      </object_component>
      <object_component id="oc-e7">
         <name>.debug_info</name>
         <load_address>0x1ae5</load_address>
         <run_address>0x1ae5</run_address>
         <size>0x12e</size>
         <input_file_ref idref="fl-2"/>
      </object_component>
      <object_component id="oc-ee">
         <name>.debug_info</name>
         <load_address>0x1c13</load_address>
         <run_address>0x1c13</run_address>
         <size>0x2e0</size>
         <input_file_ref idref="fl-4d"/>
      </object_component>
      <object_component id="oc-f0">
         <name>.debug_info</name>
         <load_address>0x1ef3</load_address>
         <run_address>0x1ef3</run_address>
         <size>0x116</size>
         <input_file_ref idref="fl-5"/>
      </object_component>
      <object_component id="oc-f5">
         <name>.debug_info</name>
         <load_address>0x2009</load_address>
         <run_address>0x2009</run_address>
         <size>0x106</size>
         <input_file_ref idref="fl-6"/>
      </object_component>
      <object_component id="oc-fa">
         <name>.debug_info</name>
         <load_address>0x210f</load_address>
         <run_address>0x210f</run_address>
         <size>0xfb</size>
         <input_file_ref idref="fl-2"/>
      </object_component>
      <object_component id="oc-100">
         <name>.debug_info</name>
         <load_address>0x220a</load_address>
         <run_address>0x220a</run_address>
         <size>0x151</size>
         <input_file_ref idref="fl-7"/>
      </object_component>
      <object_component id="oc-104">
         <name>.debug_info</name>
         <load_address>0x235b</load_address>
         <run_address>0x235b</run_address>
         <size>0x244</size>
         <input_file_ref idref="fl-4"/>
      </object_component>
      <object_component id="oc-109">
         <name>.debug_info</name>
         <load_address>0x259f</load_address>
         <run_address>0x259f</run_address>
         <size>0x1ae</size>
         <input_file_ref idref="fl-7"/>
      </object_component>
      <object_component id="oc-10e">
         <name>.debug_info</name>
         <load_address>0x274d</load_address>
         <run_address>0x274d</run_address>
         <size>0x17d</size>
         <input_file_ref idref="fl-5"/>
      </object_component>
      <object_component id="oc-113">
         <name>.debug_info</name>
         <load_address>0x28ca</load_address>
         <run_address>0x28ca</run_address>
         <size>0x375</size>
         <input_file_ref idref="fl-a"/>
      </object_component>
      <object_component id="oc-117">
         <name>.debug_info</name>
         <load_address>0x2c3f</load_address>
         <run_address>0x2c3f</run_address>
         <size>0x1e3</size>
         <input_file_ref idref="fl-8"/>
      </object_component>
      <object_component id="oc-11d">
         <name>.debug_info</name>
         <load_address>0x2e22</load_address>
         <run_address>0x2e22</run_address>
         <size>0x155</size>
         <input_file_ref idref="fl-8"/>
      </object_component>
      <object_component id="oc-125">
         <name>.debug_info</name>
         <load_address>0x2f77</load_address>
         <run_address>0x2f77</run_address>
         <size>0x1d9</size>
         <input_file_ref idref="fl-8"/>
      </object_component>
      <object_component id="oc-12b">
         <name>.debug_info</name>
         <load_address>0x3150</load_address>
         <run_address>0x3150</run_address>
         <size>0x596</size>
         <input_file_ref idref="fl-c"/>
      </object_component>
      <object_component id="oc-12f">
         <name>.debug_info</name>
         <load_address>0x36e6</load_address>
         <run_address>0x36e6</run_address>
         <size>0x108</size>
         <input_file_ref idref="fl-a"/>
      </object_component>
      <object_component id="oc-134">
         <name>.debug_info</name>
         <load_address>0x37ee</load_address>
         <run_address>0x37ee</run_address>
         <size>0x1dd</size>
         <input_file_ref idref="fl-8"/>
      </object_component>
      <object_component id="oc-13c">
         <name>.debug_info</name>
         <load_address>0x39cb</load_address>
         <run_address>0x39cb</run_address>
         <size>0x124</size>
         <input_file_ref idref="fl-b"/>
      </object_component>
      <object_component id="oc-145">
         <name>.debug_info</name>
         <load_address>0x3aef</load_address>
         <run_address>0x3aef</run_address>
         <size>0x202</size>
         <input_file_ref idref="fl-3"/>
      </object_component>
      <object_component id="oc-14e">
         <name>.debug_info</name>
         <load_address>0x3cf1</load_address>
         <run_address>0x3cf1</run_address>
         <size>0x156</size>
         <input_file_ref idref="fl-b"/>
      </object_component>
      <object_component id="oc-15d">
         <name>.debug_info</name>
         <load_address>0x3e47</load_address>
         <run_address>0x3e47</run_address>
         <size>0x495</size>
         <input_file_ref idref="fl-6"/>
      </object_component>
      <object_component id="oc-16c">
         <name>.debug_info</name>
         <load_address>0x42dc</load_address>
         <run_address>0x42dc</run_address>
         <size>0x3df</size>
         <input_file_ref idref="fl-5"/>
      </object_component>
      <object_component id="oc-17f">
         <name>.debug_info</name>
         <load_address>0x46bb</load_address>
         <run_address>0x46bb</run_address>
         <size>0x39</size>
         <input_file_ref idref="fl-4d"/>
      </object_component>
      <object_component id="oc-18a">
         <name>.debug_info</name>
         <load_address>0x46f4</load_address>
         <run_address>0x46f4</run_address>
         <size>0x147</size>
         <input_file_ref idref="fl-4"/>
      </object_component>
      <object_component id="oc-195">
         <name>.debug_info</name>
         <load_address>0x483b</load_address>
         <run_address>0x483b</run_address>
         <size>0x39</size>
         <input_file_ref idref="fl-7"/>
      </object_component>
      <object_component id="oc-19b">
         <name>.debug_info</name>
         <load_address>0x4874</load_address>
         <run_address>0x4874</run_address>
         <size>0x14e</size>
         <input_file_ref idref="fl-5"/>
      </object_component>
      <object_component id="oc-1a0">
         <name>.debug_info</name>
         <load_address>0x49c2</load_address>
         <run_address>0x49c2</run_address>
         <size>0x14e</size>
         <input_file_ref idref="fl-5"/>
      </object_component>
      <object_component id="oc-1a5">
         <name>.debug_info</name>
         <load_address>0x4b10</load_address>
         <run_address>0x4b10</run_address>
         <size>0x14a</size>
         <input_file_ref idref="fl-5"/>
      </object_component>
      <object_component id="oc-1aa">
         <name>.debug_info</name>
         <load_address>0x4c5a</load_address>
         <run_address>0x4c5a</run_address>
         <size>0x148</size>
         <input_file_ref idref="fl-5"/>
      </object_component>
      <object_component id="oc-1af">
         <name>.debug_info</name>
         <load_address>0x4da2</load_address>
         <run_address>0x4da2</run_address>
         <size>0x14c</size>
         <input_file_ref idref="fl-5"/>
      </object_component>
      <object_component id="oc-1b4">
         <name>.debug_info</name>
         <load_address>0x4eee</load_address>
         <run_address>0x4eee</run_address>
         <size>0x14a</size>
         <input_file_ref idref="fl-5"/>
      </object_component>
      <object_component id="oc-1b9">
         <name>.debug_info</name>
         <load_address>0x5038</load_address>
         <run_address>0x5038</run_address>
         <size>0x14a</size>
         <input_file_ref idref="fl-5"/>
      </object_component>
      <object_component id="oc-1c1">
         <name>.debug_info</name>
         <load_address>0x5182</load_address>
         <run_address>0x5182</run_address>
         <size>0x1cd</size>
         <input_file_ref idref="fl-7"/>
      </object_component>
      <object_component id="oc-1c7">
         <name>.debug_info</name>
         <load_address>0x534f</load_address>
         <run_address>0x534f</run_address>
         <size>0xe3</size>
         <input_file_ref idref="fl-49"/>
      </object_component>
      <object_component id="oc-1ca">
         <name>.debug_info</name>
         <load_address>0x5432</load_address>
         <run_address>0x5432</run_address>
         <size>0xd1</size>
         <input_file_ref idref="fl-8"/>
      </object_component>
      <object_component id="oc-1cd">
         <name>.debug_info</name>
         <load_address>0x5503</load_address>
         <run_address>0x5503</run_address>
         <size>0x195</size>
         <input_file_ref idref="fl-7"/>
      </object_component>
      <object_component id="oc-1d1">
         <name>.debug_info</name>
         <load_address>0x5698</load_address>
         <run_address>0x5698</run_address>
         <size>0xcf</size>
         <input_file_ref idref="fl-8"/>
      </object_component>
      <object_component id="oc-1d4">
         <name>.debug_info</name>
         <load_address>0x5767</load_address>
         <run_address>0x5767</run_address>
         <size>0xd1</size>
         <input_file_ref idref="fl-8"/>
      </object_component>
      <object_component id="oc-1d6">
         <name>.debug_info</name>
         <load_address>0x5838</load_address>
         <run_address>0x5838</run_address>
         <size>0xd1</size>
         <input_file_ref idref="fl-8"/>
      </object_component>
      <object_component id="oc-1d9">
         <name>.debug_info</name>
         <load_address>0x5909</load_address>
         <run_address>0x5909</run_address>
         <size>0xd1</size>
         <input_file_ref idref="fl-8"/>
      </object_component>
      <object_component id="oc-1db">
         <name>.debug_info</name>
         <load_address>0x59da</load_address>
         <run_address>0x59da</run_address>
         <size>0xd3</size>
         <input_file_ref idref="fl-8"/>
      </object_component>
      <object_component id="oc-1dd">
         <name>.debug_info</name>
         <load_address>0x5aad</load_address>
         <run_address>0x5aad</run_address>
         <size>0xcf</size>
         <input_file_ref idref="fl-8"/>
      </object_component>
      <object_component id="oc-1e9">
         <name>.debug_info</name>
         <load_address>0x5b7c</load_address>
         <run_address>0x5b7c</run_address>
         <size>0xdd</size>
         <input_file_ref idref="fl-8"/>
      </object_component>
      <object_component id="oc-1eb">
         <name>.debug_info</name>
         <load_address>0x5c59</load_address>
         <run_address>0x5c59</run_address>
         <size>0xd7</size>
         <input_file_ref idref="fl-8"/>
      </object_component>
      <object_component id="oc-1ed">
         <name>.debug_info</name>
         <load_address>0x5d30</load_address>
         <run_address>0x5d30</run_address>
         <size>0xd1</size>
         <input_file_ref idref="fl-8"/>
      </object_component>
      <object_component id="oc-1ef">
         <name>.debug_info</name>
         <load_address>0x5e01</load_address>
         <run_address>0x5e01</run_address>
         <size>0xd5</size>
         <input_file_ref idref="fl-8"/>
      </object_component>
      <object_component id="oc-1f5">
         <name>.debug_info</name>
         <load_address>0x5ed6</load_address>
         <run_address>0x5ed6</run_address>
         <size>0xce</size>
         <input_file_ref idref="fl-b"/>
      </object_component>
      <object_component id="oc-1fa">
         <name>.debug_info</name>
         <load_address>0x5fa4</load_address>
         <run_address>0x5fa4</run_address>
         <size>0x15a</size>
         <input_file_ref idref="fl-3"/>
      </object_component>
      <object_component id="oc-1ff">
         <name>.debug_info</name>
         <load_address>0x60fe</load_address>
         <run_address>0x60fe</run_address>
         <size>0xd0</size>
         <input_file_ref idref="fl-3"/>
      </object_component>
      <object_component id="oc-203">
         <name>.debug_info</name>
         <load_address>0x61ce</load_address>
         <run_address>0x61ce</run_address>
         <size>0xd0</size>
         <input_file_ref idref="fl-b"/>
      </object_component>
      <object_component id="oc-205">
         <name>.debug_info</name>
         <load_address>0x629e</load_address>
         <run_address>0x629e</run_address>
         <size>0xd0</size>
         <input_file_ref idref="fl-b"/>
      </object_component>
      <object_component id="oc-207">
         <name>.debug_info</name>
         <load_address>0x636e</load_address>
         <run_address>0x636e</run_address>
         <size>0xd0</size>
         <input_file_ref idref="fl-b"/>
      </object_component>
      <object_component id="oc-209">
         <name>.debug_info</name>
         <load_address>0x643e</load_address>
         <run_address>0x643e</run_address>
         <size>0xd0</size>
         <input_file_ref idref="fl-b"/>
      </object_component>
      <object_component id="oc-20e">
         <name>.debug_info</name>
         <load_address>0x650e</load_address>
         <run_address>0x650e</run_address>
         <size>0x14c</size>
         <input_file_ref idref="fl-5"/>
      </object_component>
      <object_component id="oc-213">
         <name>.debug_info</name>
         <load_address>0x665a</load_address>
         <run_address>0x665a</run_address>
         <size>0x23e</size>
         <input_file_ref idref="fl-5"/>
      </object_component>
      <object_component id="oc-215">
         <name>.debug_info</name>
         <load_address>0x6898</load_address>
         <run_address>0x6898</run_address>
         <size>0x161</size>
         <input_file_ref idref="fl-5"/>
      </object_component>
      <object_component id="oc-21a">
         <name>.debug_info</name>
         <load_address>0x69f9</load_address>
         <run_address>0x69f9</run_address>
         <size>0xe8</size>
         <input_file_ref idref="fl-31"/>
      </object_component>
      <object_component id="oc-221">
         <name>.debug_info</name>
         <load_address>0x6ae1</load_address>
         <run_address>0x6ae1</run_address>
         <size>0x39</size>
         <input_file_ref idref="fl-5"/>
      </object_component>
      <object_component id="oc-233">
         <name>.debug_info</name>
         <load_address>0x6b1a</load_address>
         <run_address>0x6b1a</run_address>
         <size>0xd4</size>
         <input_file_ref idref="fl-32"/>
      </object_component>
      <object_component id="oc-237">
         <name>.debug_info</name>
         <load_address>0x6bee</load_address>
         <run_address>0x6bee</run_address>
         <size>0xde</size>
         <input_file_ref idref="fl-7"/>
      </object_component>
      <object_component id="oc-23c">
         <name>.debug_info</name>
         <load_address>0x6ccc</load_address>
         <run_address>0x6ccc</run_address>
         <size>0x211</size>
         <input_file_ref idref="fl-8"/>
      </object_component>
      <object_component id="oc-23e">
         <name>.debug_info</name>
         <load_address>0x6edd</load_address>
         <run_address>0x6edd</run_address>
         <size>0x1b5</size>
         <input_file_ref idref="fl-7"/>
      </object_component>
      <object_component id="oc-255">
         <name>.debug_info</name>
         <load_address>0x7092</load_address>
         <run_address>0x7092</run_address>
         <size>0x1e4</size>
         <input_file_ref idref="fl-b"/>
      </object_component>
      <object_component id="oc-263">
         <name>.debug_info</name>
         <load_address>0x7276</load_address>
         <run_address>0x7276</run_address>
         <size>0x15d</size>
         <input_file_ref idref="fl-5"/>
      </object_component>
      <object_component id="oc-268">
         <name>.debug_info</name>
         <load_address>0x73d3</load_address>
         <run_address>0x73d3</run_address>
         <size>0x14c</size>
         <input_file_ref idref="fl-5"/>
      </object_component>
      <object_component id="oc-27c">
         <name>.debug_info</name>
         <load_address>0x751f</load_address>
         <run_address>0x751f</run_address>
         <size>0x137</size>
         <input_file_ref idref="fl-5"/>
      </object_component>
      <object_component id="oc-2ee">
         <name>.debug_info</name>
         <load_address>0x7656</load_address>
         <run_address>0x7656</run_address>
         <size>0xa1</size>
      </object_component>
      <object_component id="oc-74">
         <name>.debug_line</name>
         <load_address>0x0</load_address>
         <run_address>0x0</run_address>
         <size>0x44</size>
         <input_file_ref idref="fl-2c"/>
      </object_component>
      <object_component id="oc-88">
         <name>.debug_line</name>
         <load_address>0x44</load_address>
         <run_address>0x44</run_address>
         <size>0x50</size>
         <input_file_ref idref="fl-2d"/>
      </object_component>
      <object_component id="oc-8c">
         <name>.debug_line</name>
         <load_address>0x94</load_address>
         <run_address>0x94</run_address>
         <size>0x4a</size>
         <input_file_ref idref="fl-2f"/>
      </object_component>
      <object_component id="oc-92">
         <name>.debug_line</name>
         <load_address>0xde</load_address>
         <run_address>0xde</run_address>
         <size>0x4c</size>
         <input_file_ref idref="fl-2e"/>
      </object_component>
      <object_component id="oc-99">
         <name>.debug_line</name>
         <load_address>0x12a</load_address>
         <run_address>0x12a</run_address>
         <size>0x3c</size>
         <input_file_ref idref="fl-48"/>
      </object_component>
      <object_component id="oc-9d">
         <name>.debug_line</name>
         <load_address>0x166</load_address>
         <run_address>0x166</run_address>
         <size>0x5b</size>
         <input_file_ref idref="fl-2"/>
      </object_component>
      <object_component id="oc-a2">
         <name>.debug_line</name>
         <load_address>0x1c1</load_address>
         <run_address>0x1c1</run_address>
         <size>0x3e</size>
         <input_file_ref idref="fl-4a"/>
      </object_component>
      <object_component id="oc-a6">
         <name>.debug_line</name>
         <load_address>0x1ff</load_address>
         <run_address>0x1ff</run_address>
         <size>0x6c</size>
         <input_file_ref idref="fl-4d"/>
      </object_component>
      <object_component id="oc-aa">
         <name>.debug_line</name>
         <load_address>0x26b</load_address>
         <run_address>0x26b</run_address>
         <size>0x9b</size>
         <input_file_ref idref="fl-c"/>
      </object_component>
      <object_component id="oc-b0">
         <name>.debug_line</name>
         <load_address>0x306</load_address>
         <run_address>0x306</run_address>
         <size>0x3a</size>
         <input_file_ref idref="fl-33"/>
      </object_component>
      <object_component id="oc-b6">
         <name>.debug_line</name>
         <load_address>0x340</load_address>
         <run_address>0x340</run_address>
         <size>0xb0</size>
         <input_file_ref idref="fl-6"/>
      </object_component>
      <object_component id="oc-bb">
         <name>.debug_line</name>
         <load_address>0x3f0</load_address>
         <run_address>0x3f0</run_address>
         <size>0x52</size>
         <input_file_ref idref="fl-30"/>
      </object_component>
      <object_component id="oc-c0">
         <name>.debug_line</name>
         <load_address>0x442</load_address>
         <run_address>0x442</run_address>
         <size>0x3a</size>
         <input_file_ref idref="fl-2d"/>
      </object_component>
      <object_component id="oc-c7">
         <name>.debug_line</name>
         <load_address>0x47c</load_address>
         <run_address>0x47c</run_address>
         <size>0x34</size>
         <input_file_ref idref="fl-2f"/>
      </object_component>
      <object_component id="oc-cf">
         <name>.debug_line</name>
         <load_address>0x4b0</load_address>
         <run_address>0x4b0</run_address>
         <size>0x85</size>
         <input_file_ref idref="fl-2e"/>
      </object_component>
      <object_component id="oc-d4">
         <name>.debug_line</name>
         <load_address>0x535</load_address>
         <run_address>0x535</run_address>
         <size>0x39</size>
         <input_file_ref idref="fl-2e"/>
      </object_component>
      <object_component id="oc-d8">
         <name>.debug_line</name>
         <load_address>0x56e</load_address>
         <run_address>0x56e</run_address>
         <size>0x2a</size>
         <input_file_ref idref="fl-2c"/>
      </object_component>
      <object_component id="oc-db">
         <name>.debug_line</name>
         <load_address>0x598</load_address>
         <run_address>0x598</run_address>
         <size>0x20</size>
         <input_file_ref idref="fl-2"/>
      </object_component>
      <object_component id="oc-e5">
         <name>.debug_line</name>
         <load_address>0x5b8</load_address>
         <run_address>0x5b8</run_address>
         <size>0x52</size>
         <input_file_ref idref="fl-6"/>
      </object_component>
      <object_component id="oc-e8">
         <name>.debug_line</name>
         <load_address>0x60a</load_address>
         <run_address>0x60a</run_address>
         <size>0x4d</size>
         <input_file_ref idref="fl-2"/>
      </object_component>
      <object_component id="oc-f1">
         <name>.debug_line</name>
         <load_address>0x657</load_address>
         <run_address>0x657</run_address>
         <size>0x4a</size>
         <input_file_ref idref="fl-5"/>
      </object_component>
      <object_component id="oc-f7">
         <name>.debug_line</name>
         <load_address>0x6a1</load_address>
         <run_address>0x6a1</run_address>
         <size>0x4c</size>
         <input_file_ref idref="fl-6"/>
      </object_component>
      <object_component id="oc-fb">
         <name>.debug_line</name>
         <load_address>0x6ed</load_address>
         <run_address>0x6ed</run_address>
         <size>0x49</size>
         <input_file_ref idref="fl-2"/>
      </object_component>
      <object_component id="oc-ff">
         <name>.debug_line</name>
         <load_address>0x736</load_address>
         <run_address>0x736</run_address>
         <size>0x58</size>
         <input_file_ref idref="fl-7"/>
      </object_component>
      <object_component id="oc-105">
         <name>.debug_line</name>
         <load_address>0x78e</load_address>
         <run_address>0x78e</run_address>
         <size>0x6e</size>
         <input_file_ref idref="fl-4"/>
      </object_component>
      <object_component id="oc-10a">
         <name>.debug_line</name>
         <load_address>0x7fc</load_address>
         <run_address>0x7fc</run_address>
         <size>0x8a</size>
         <input_file_ref idref="fl-7"/>
      </object_component>
      <object_component id="oc-10f">
         <name>.debug_line</name>
         <load_address>0x886</load_address>
         <run_address>0x886</run_address>
         <size>0x52</size>
         <input_file_ref idref="fl-5"/>
      </object_component>
      <object_component id="oc-118">
         <name>.debug_line</name>
         <load_address>0x8d8</load_address>
         <run_address>0x8d8</run_address>
         <size>0x53</size>
         <input_file_ref idref="fl-8"/>
      </object_component>
      <object_component id="oc-11f">
         <name>.debug_line</name>
         <load_address>0x92b</load_address>
         <run_address>0x92b</run_address>
         <size>0x4f</size>
         <input_file_ref idref="fl-8"/>
      </object_component>
      <object_component id="oc-126">
         <name>.debug_line</name>
         <load_address>0x97a</load_address>
         <run_address>0x97a</run_address>
         <size>0x54</size>
         <input_file_ref idref="fl-8"/>
      </object_component>
      <object_component id="oc-12d">
         <name>.debug_line</name>
         <load_address>0x9ce</load_address>
         <run_address>0x9ce</run_address>
         <size>0x48</size>
         <input_file_ref idref="fl-a"/>
      </object_component>
      <object_component id="oc-135">
         <name>.debug_line</name>
         <load_address>0xa16</load_address>
         <run_address>0xa16</run_address>
         <size>0x58</size>
         <input_file_ref idref="fl-8"/>
      </object_component>
      <object_component id="oc-13a">
         <name>.debug_line</name>
         <load_address>0xa6e</load_address>
         <run_address>0xa6e</run_address>
         <size>0x52</size>
         <input_file_ref idref="fl-b"/>
      </object_component>
      <object_component id="oc-146">
         <name>.debug_line</name>
         <load_address>0xac0</load_address>
         <run_address>0xac0</run_address>
         <size>0x6a</size>
         <input_file_ref idref="fl-3"/>
      </object_component>
      <object_component id="oc-14d">
         <name>.debug_line</name>
         <load_address>0xb2a</load_address>
         <run_address>0xb2a</run_address>
         <size>0x50</size>
         <input_file_ref idref="fl-b"/>
      </object_component>
      <object_component id="oc-16d">
         <name>.debug_line</name>
         <load_address>0xb7a</load_address>
         <run_address>0xb7a</run_address>
         <size>0x58</size>
         <input_file_ref idref="fl-5"/>
      </object_component>
      <object_component id="oc-173">
         <name>.debug_line</name>
         <load_address>0xbd2</load_address>
         <run_address>0xbd2</run_address>
         <size>0x3a</size>
         <input_file_ref idref="fl-2d"/>
      </object_component>
      <object_component id="oc-175">
         <name>.debug_line</name>
         <load_address>0xc0c</load_address>
         <run_address>0xc0c</run_address>
         <size>0x20</size>
         <input_file_ref idref="fl-2f"/>
      </object_component>
      <object_component id="oc-178">
         <name>.debug_line</name>
         <load_address>0xc2c</load_address>
         <run_address>0xc2c</run_address>
         <size>0x20</size>
         <input_file_ref idref="fl-2e"/>
      </object_component>
      <object_component id="oc-17a">
         <name>.debug_line</name>
         <load_address>0xc4c</load_address>
         <run_address>0xc4c</run_address>
         <size>0x34</size>
         <input_file_ref idref="fl-a"/>
      </object_component>
      <object_component id="oc-17e">
         <name>.debug_line</name>
         <load_address>0xc80</load_address>
         <run_address>0xc80</run_address>
         <size>0x2e</size>
         <input_file_ref idref="fl-4d"/>
      </object_component>
      <object_component id="oc-181">
         <name>.debug_line</name>
         <load_address>0xcae</load_address>
         <run_address>0xcae</run_address>
         <size>0x2e</size>
         <input_file_ref idref="fl-4d"/>
      </object_component>
      <object_component id="oc-18b">
         <name>.debug_line</name>
         <load_address>0xcdc</load_address>
         <run_address>0xcdc</run_address>
         <size>0x66</size>
         <input_file_ref idref="fl-4"/>
      </object_component>
      <object_component id="oc-197">
         <name>.debug_line</name>
         <load_address>0xd42</load_address>
         <run_address>0xd42</run_address>
         <size>0x3a</size>
         <input_file_ref idref="fl-7"/>
      </object_component>
      <object_component id="oc-19c">
         <name>.debug_line</name>
         <load_address>0xd7c</load_address>
         <run_address>0xd7c</run_address>
         <size>0x4e</size>
         <input_file_ref idref="fl-5"/>
      </object_component>
      <object_component id="oc-1a1">
         <name>.debug_line</name>
         <load_address>0xdca</load_address>
         <run_address>0xdca</run_address>
         <size>0x4e</size>
         <input_file_ref idref="fl-5"/>
      </object_component>
      <object_component id="oc-1a6">
         <name>.debug_line</name>
         <load_address>0xe18</load_address>
         <run_address>0xe18</run_address>
         <size>0x4e</size>
         <input_file_ref idref="fl-5"/>
      </object_component>
      <object_component id="oc-1ab">
         <name>.debug_line</name>
         <load_address>0xe66</load_address>
         <run_address>0xe66</run_address>
         <size>0x4e</size>
         <input_file_ref idref="fl-5"/>
      </object_component>
      <object_component id="oc-1b0">
         <name>.debug_line</name>
         <load_address>0xeb4</load_address>
         <run_address>0xeb4</run_address>
         <size>0x4e</size>
         <input_file_ref idref="fl-5"/>
      </object_component>
      <object_component id="oc-1b5">
         <name>.debug_line</name>
         <load_address>0xf02</load_address>
         <run_address>0xf02</run_address>
         <size>0x4e</size>
         <input_file_ref idref="fl-5"/>
      </object_component>
      <object_component id="oc-1ba">
         <name>.debug_line</name>
         <load_address>0xf50</load_address>
         <run_address>0xf50</run_address>
         <size>0x4e</size>
         <input_file_ref idref="fl-5"/>
      </object_component>
      <object_component id="oc-1bf">
         <name>.debug_line</name>
         <load_address>0xf9e</load_address>
         <run_address>0xf9e</run_address>
         <size>0x34</size>
         <input_file_ref idref="fl-a"/>
      </object_component>
      <object_component id="oc-1c2">
         <name>.debug_line</name>
         <load_address>0xfd2</load_address>
         <run_address>0xfd2</run_address>
         <size>0x54</size>
         <input_file_ref idref="fl-7"/>
      </object_component>
      <object_component id="oc-1c8">
         <name>.debug_line</name>
         <load_address>0x1026</load_address>
         <run_address>0x1026</run_address>
         <size>0x45</size>
         <input_file_ref idref="fl-49"/>
      </object_component>
      <object_component id="oc-1cc">
         <name>.debug_line</name>
         <load_address>0x106b</load_address>
         <run_address>0x106b</run_address>
         <size>0x5c</size>
         <input_file_ref idref="fl-7"/>
      </object_component>
      <object_component id="oc-1e0">
         <name>.debug_line</name>
         <load_address>0x10c7</load_address>
         <run_address>0x10c7</run_address>
         <size>0x2ee</size>
         <input_file_ref idref="fl-c"/>
      </object_component>
      <object_component id="oc-20c">
         <name>.debug_line</name>
         <load_address>0x13b5</load_address>
         <run_address>0x13b5</run_address>
         <size>0xef</size>
         <input_file_ref idref="fl-6"/>
      </object_component>
      <object_component id="oc-20f">
         <name>.debug_line</name>
         <load_address>0x14a4</load_address>
         <run_address>0x14a4</run_address>
         <size>0x54</size>
         <input_file_ref idref="fl-5"/>
      </object_component>
      <object_component id="oc-216">
         <name>.debug_line</name>
         <load_address>0x14f8</load_address>
         <run_address>0x14f8</run_address>
         <size>0x53</size>
         <input_file_ref idref="fl-5"/>
      </object_component>
      <object_component id="oc-21c">
         <name>.debug_line</name>
         <load_address>0x154b</load_address>
         <run_address>0x154b</run_address>
         <size>0x4d</size>
         <input_file_ref idref="fl-31"/>
      </object_component>
      <object_component id="oc-223">
         <name>.debug_line</name>
         <load_address>0x1598</load_address>
         <run_address>0x1598</run_address>
         <size>0x36</size>
         <input_file_ref idref="fl-5"/>
      </object_component>
      <object_component id="oc-234">
         <name>.debug_line</name>
         <load_address>0x15ce</load_address>
         <run_address>0x15ce</run_address>
         <size>0x43</size>
         <input_file_ref idref="fl-32"/>
      </object_component>
      <object_component id="oc-23b">
         <name>.debug_line</name>
         <load_address>0x1611</load_address>
         <run_address>0x1611</run_address>
         <size>0x68</size>
         <input_file_ref idref="fl-8"/>
      </object_component>
      <object_component id="oc-240">
         <name>.debug_line</name>
         <load_address>0x1679</load_address>
         <run_address>0x1679</run_address>
         <size>0x68</size>
         <input_file_ref idref="fl-8"/>
      </object_component>
      <object_component id="oc-242">
         <name>.debug_line</name>
         <load_address>0x16e1</load_address>
         <run_address>0x16e1</run_address>
[...]
         <name>WDTCTL_L</name>
         <value>0x15c</value>
      </symbol>
      <symbol id="sm-2e6">
         <name>WDTCTL_H</name>
         <value>0x15d</value>
      </symbol>
      <symbol id="sm-2e7">
         <name>__TI_CINIT_Base</name>
         <value>0x6132</value>
      </symbol>
      <symbol id="sm-2e8">
         <name>__TI_CINIT_Limit</name>
         <value>0x6142</value>
      </symbol>
      <symbol id="sm-2e9">
         <name>__TI_Handler_Table_Base</name>
         <value>0x6120</value>
      </symbol>
      <symbol id="sm-2ea">
         <name>__TI_Handler_Table_Limit</name>
         <value>0x612c</value>
      </symbol>
      <symbol id="sm-2eb">
         <name>binit</name>
         <value>0xffffffff</value>
      </symbol>
      <symbol id="sm-2ec">
         <name>__binit__</name>
         <value>0xffffffff</value>
      </symbol>
      <symbol id="sm-2ed">
         <name>__STACK_SIZE</name>
         <value>0xa0</value>
      </symbol>
      <symbol id="sm-2ee">
         <name>__STACK_END</name>
         <value>0x4400</value>
      </symbol>
      <symbol id="sm-2ef">
         <name>__c_args__</name>
         <value>0xffffffff</value>
      </symbol>
      <symbol id="sm-368">
         <name>__TI_int46</name>
         <value>0xffdc</value>
         <object_component_ref idref="oc-6e"/>
      </symbol>
      <symbol id="sm-369">
         <name>USCI_A1_ISR</name>
         <value>0x540a</value>
         <object_component_ref idref="oc-9a"/>
      </symbol>
      <symbol id="sm-36a">
         <name>init_C51</name>
         <value>0x5e9c</value>
         <object_component_ref idref="oc-f9"/>
      </symbol>
      <symbol id="sm-36b">
         <name>C51_tsend</name>
         <value>0x5fce</value>
         <object_component_ref idref="oc-e6"/>
      </symbol>
      <symbol id="sm-37d">
         <name>timetemp</name>
         <value>0x2400</value>
      </symbol>
      <symbol id="sm-37e">
         <name>AlTime0</name>
         <value>0x2436</value>
         <object_component_ref idref="oc-1fe"/>
      </symbol>
      <symbol id="sm-37f">
         <name>is_altime</name>
         <value>0x5c7a</value>
         <object_component_ref idref="oc-144"/>
      </symbol>
      <symbol id="sm-39c">
         <name>start_DHT11</name>
         <value>0x5848</value>
         <object_component_ref idref="oc-103"/>
      </symbol>
      <symbol id="sm-39d">
         <name>DHT11_ReadChar</name>
         <value>0x5bac</value>
         <object_component_ref idref="oc-188"/>
      </symbol>
      <symbol id="sm-40a">
         <name>flag</name>
         <value>0x2421</value>
      </symbol>
      <symbol id="sm-40b">
         <name>readmonth</name>
         <value>0x5f38</value>
         <object_component_ref idref="oc-1ae"/>
      </symbol>
      <symbol id="sm-40c">
         <name>readweek</name>
         <value>0x5f84</value>
         <object_component_ref idref="oc-1b3"/>
      </symbol>
      <symbol id="sm-40d">
         <name>readday</name>
         <value>0x5ec6</value>
         <object_component_ref idref="oc-1a9"/>
      </symbol>
      <symbol id="sm-40e">
         <name>readhour</name>
         <value>0x5eec</value>
         <object_component_ref idref="oc-1a4"/>
      </symbol>
      <symbol id="sm-40f">
         <name>Read_Byte</name>
         <value>0x5cfc</value>
         <object_component_ref idref="oc-267"/>
      </symbol>
      <symbol id="sm-410">
         <name>init_1302</name>
         <value>0x5614</value>
         <object_component_ref idref="oc-16b"/>
      </symbol>
      <symbol id="sm-411">
         <name>readsecond</name>
         <value>0x5f5e</value>
         <object_component_ref idref="oc-19a"/>
      </symbol>
      <symbol id="sm-412">
         <name>Write_Byte</name>
         <value>0x5c38</value>
         <object_component_ref idref="oc-262"/>
      </symbol>
      <symbol id="sm-413">
         <name>delay</name>
         <value>0x60d8</value>
         <object_component_ref idref="oc-27a"/>
      </symbol>
      <symbol id="sm-414">
         <name>readminute</name>
         <value>0x5f12</value>
         <object_component_ref idref="oc-19f"/>
      </symbol>
      <symbol id="sm-415">
         <name>readtime</name>
         <value>0x6074</value>
         <object_component_ref idref="oc-10d"/>
      </symbol>
      <symbol id="sm-416">
         <name>readyear</name>
         <value>0x6012</value>
         <object_component_ref idref="oc-1b8"/>
      </symbol>
      <symbol id="sm-417">
         <name>Init_DS1302</name>
         <value>0x60e8</value>
         <object_component_ref idref="oc-ef"/>
      </symbol>
      <symbol id="sm-418">
         <name>Write_dat</name>
         <value>0x5faa</value>
         <object_component_ref idref="oc-214"/>
      </symbol>
      <symbol id="sm-419">
         <name>read_1302add</name>
         <value>0x6054</value>
         <object_component_ref idref="oc-20d"/>
      </symbol>
      <symbol id="sm-444">
         <name>yeart</name>
         <value>0x2416</value>
      </symbol>
      <symbol id="sm-445">
         <name>mont</name>
         <value>0x2412</value>
      </symbol>
      <symbol id="sm-446">
         <name>dayt</name>
         <value>0x240c</value>
      </symbol>
      <symbol id="sm-447">
         <name>hourt</name>
         <value>0x240e</value>
      </symbol>
      <symbol id="sm-448">
         <name>mint</name>
         <value>0x2410</value>
      </symbol>
      <symbol id="sm-449">
         <name>cont</name>
         <value>0x240a</value>
      </symbol>
      <symbol id="sm-44a">
         <name>weekt</name>
         <value>0x2414</value>
      </symbol>
      <symbol id="sm-44b">
         <name>HC05_tsend</name>
         <value>0x5ff0</value>
         <object_component_ref idref="oc-e1"/>
      </symbol>
      <symbol id="sm-44c">
         <name>__TI_int56</name>
         <value>0xfff0</value>
         <object_component_ref idref="oc-7d"/>
      </symbol>
      <symbol id="sm-44d">
         <name>USCI_A0_ISR</name>
         <value>0x52a4</value>
         <object_component_ref idref="oc-b4"/>
      </symbol>
      <symbol id="sm-44e">
         <name>Init_HC05</name>
         <value>0x5e72</value>
         <object_component_ref idref="oc-f4"/>
      </symbol>
      <symbol id="sm-48a">
         <name>Ini_Lcd</name>
         <value>0x5980</value>
         <object_component_ref idref="oc-fe"/>
      </symbol>
      <symbol id="sm-48b">
         <name>Disp_SZ</name>
         <value>0x5bf6</value>
         <object_component_ref idref="oc-1c0"/>
      </symbol>
      <symbol id="sm-48c">
         <name>shuzi_table</name>
         <value>0x5250</value>
         <object_component_ref idref="oc-236"/>
      </symbol>
      <symbol id="sm-48d">
         <name>Disp_HZ</name>
         <value>0x5e48</value>
         <object_component_ref idref="oc-1cb"/>
      </symbol>
      <symbol id="sm-48e">
         <name>Send</name>
         <value>0x58f4</value>
         <object_component_ref idref="oc-108"/>
      </symbol>
      <symbol id="sm-4db">
         <name>Datas</name>
         <value>0x5a08</value>
         <object_component_ref idref="oc-133"/>
      </symbol>
      <symbol id="sm-4dc">
         <name>Mons</name>
         <value>0x5aee</value>
         <object_component_ref idref="oc-124"/>
      </symbol>
      <symbol id="sm-4dd">
         <name>hyear</name>
         <value>0x5298</value>
         <object_component_ref idref="oc-1d8"/>
      </symbol>
      <symbol id="sm-4de">
         <name>Times</name>
         <value>0x5b4e</value>
         <object_component_ref idref="oc-116"/>
      </symbol>
      <symbol id="sm-4df">
         <name>timem</name>
         <value>0x4400</value>
         <object_component_ref idref="oc-1c9"/>
      </symbol>
      <symbol id="sm-4e0">
         <name>Weeks</name>
         <value>0x5df0</value>
         <object_component_ref idref="oc-11c"/>
      </symbol>
      <symbol id="sm-4e1">
         <name>weeks</name>
         <value>0x5210</value>
         <object_component_ref idref="oc-1d5"/>
      </symbol>
      <symbol id="sm-4e2">
         <name>weekc</name>
         <value>0x527e</value>
         <object_component_ref idref="oc-1d3"/>
      </symbol>
      <symbol id="sm-4e3">
         <name>hmonth</name>
         <value>0x5290</value>
         <object_component_ref idref="oc-1da"/>
      </symbol>
      <symbol id="sm-4e4">
         <name>hday</name>
         <value>0x528c</value>
         <object_component_ref idref="oc-1dc"/>
      </symbol>
      <symbol id="sm-4e5">
         <name>humidity</name>
         <value>0x5294</value>
         <object_component_ref idref="oc-1ea"/>
      </symbol>
      <symbol id="sm-4e6">
         <name>temperature</name>
         <value>0x52a0</value>
         <object_component_ref idref="oc-1e8"/>
      </symbol>
      <symbol id="sm-4e7">
         <name>light</name>
         <value>0x529c</value>
         <object_component_ref idref="oc-1ec"/>
      </symbol>
      <symbol id="sm-4e8">
         <name>weather</name>
         <value>0x525a</value>
         <object_component_ref idref="oc-1ee"/>
      </symbol>
      <symbol id="sm-4e9">
         <name>time</name>
         <value>0x5288</value>
         <object_component_ref idref="oc-1d0"/>
      </symbol>
      <symbol id="sm-4f9">
         <name>second</name>
         <value>0x2427</value>
      </symbol>
      <symbol id="sm-4fa">
         <name>minute</name>
         <value>0x2425</value>
      </symbol>
      <symbol id="sm-4fb">
         <name>hour</name>
         <value>0x2422</value>
      </symbol>
      <symbol id="sm-4fc">
         <name>week</name>
         <value>0x242a</value>
      </symbol>
      <symbol id="sm-4fd">
         <name>day</name>
         <value>0x2420</value>
      </symbol>
      <symbol id="sm-4fe">
         <name>month</name>
         <value>0x2426</value>
      </symbol>
      <symbol id="sm-4ff">
         <name>year</name>
         <value>0x242b</value>
      </symbol>
      <symbol id="sm-500">
         <name>DHT11T_Data_H</name>
         <value>0x241b</value>
      </symbol>
      <symbol id="sm-501">
         <name>DHT11T_Data_L</name>
         <value>0x241c</value>
      </symbol>
      <symbol id="sm-502">
         <name>DHT11RH_Data_H</name>
         <value>0x2419</value>
      </symbol>
      <symbol id="sm-503">
         <name>DHT11RH_Data_L</name>
         <value>0x241a</value>
      </symbol>
      <symbol id="sm-504">
         <name>CheckData_temp</name>
         <value>0x2418</value>
      </symbol>
      <symbol id="sm-505">
         <name>T_Data</name>
         <value>0x241e</value>
      </symbol>
      <symbol id="sm-506">
         <name>RH_Data</name>
         <value>0x241d</value>
      </symbol>
      <symbol id="sm-507">
         <name>TT_Data</name>
         <value>0x2408</value>
      </symbol>
      <symbol id="sm-508">
         <name>TRH_Data</name>
         <value>0x2406</value>
      </symbol>
      <symbol id="sm-509">
         <name>isal</name>
         <value>0x2423</value>
      </symbol>
      <symbol id="sm-50a">
         <name>timelong</name>
         <value>0x2429</value>
      </symbol>
      <symbol id="sm-50b">
         <name>ColValueTemp</name>
         <value>0x2434</value>
         <object_component_ref idref="oc-df"/>
      </symbol>
      <symbol id="sm-50c">
         <name>ColValue</name>
         <value>0x2432</value>
         <object_component_ref idref="oc-df"/>
      </symbol>
      <symbol id="sm-50d">
         <name>maintra</name>
         <value>0x6092</value>
         <object_component_ref idref="oc-12c"/>
      </symbol>
      <symbol id="sm-50e">
         <name>iss</name>
         <value>0x242c</value>
         <object_component_ref idref="oc-df"/>
      </symbol>
      <symbol id="sm-50f">
         <name>ish</name>
         <value>0x242e</value>
         <object_component_ref idref="oc-df"/>
      </symbol>
      <symbol id="sm-510">
         <name>isa</name>
         <value>0x2430</value>
         <object_component_ref idref="oc-df"/>
      </symbol>
      <symbol id="sm-536">
         <name>CL1</name>
         <value>0x5284</value>
         <object_component_ref idref="oc-1f4"/>
      </symbol>
      <symbol id="sm-537">
         <name>CL1t</name>
         <value>0x5278</value>
         <object_component_ref idref="oc-208"/>
      </symbol>
      <symbol id="sm-538">
         <name>CL1s</name>
         <value>0x526e</value>
         <object_component_ref idref="oc-202"/>
      </symbol>
      <symbol id="sm-539">
         <name>CL1m</name>
         <value>0x5242</value>
         <object_component_ref idref="oc-204"/>
      </symbol>
      <symbol id="sm-53a">
         <name>CL1k</name>
         <value>0x5264</value>
         <object_component_ref idref="oc-206"/>
      </symbol>
      <symbol id="sm-53b">
         <name>showclass</name>
         <value>0x5db4</value>
         <object_component_ref idref="oc-14a"/>
      </symbol>
      <symbol id="sm-53c">
         <name>is_classtime</name>
         <value>0x6034</value>
         <object_component_ref idref="oc-138"/>
      </symbol>
      <symbol id="sm-552">
         <name>secondts</name>
         <value>0x2428</value>
      </symbol>
      <symbol id="sm-553">
         <name>mints</name>
         <value>0x2424</value>
      </symbol>
      <symbol id="sm-554">
         <name>T_Datatemp</name>
         <value>0x241f</value>
      </symbol>
      <symbol id="sm-555">
         <name>main</name>
         <value>0x5486</value>
         <object_component_ref idref="oc-a9"/>
      </symbol>
      <symbol id="sm-563">
         <name>_c_int00_noexit</name>
         <value>0x546c</value>
         <object_component_ref idref="oc-72"/>
      </symbol>
      <symbol id="sm-564">
         <name>_c_int00</name>
         <value>0x546c</value>
         <object_component_ref idref="oc-72"/>
      </symbol>
      <symbol id="sm-565">
         <name>_stack</name>
         <value>0x4360</value>
         <object_component_ref idref="oc-93"/>
      </symbol>
      <symbol id="sm-566">
         <name>_reset_vector</name>
         <value>0xfffe</value>
         <object_component_ref idref="oc-95"/>
      </symbol>
      <symbol id="sm-576">
         <name>__TI_decompress_none</name>
         <value>0x5d78</value>
         <object_component_ref idref="oc-84"/>
      </symbol>
      <symbol id="sm-598">
         <name>__TI_decompress_rle24</name>
         <value>0x60f6</value>
         <object_component_ref idref="oc-8e"/>
      </symbol>
      <symbol id="sm-5aa">
         <name>__TI_zero_init</name>
         <value>0x5d3a</value>
         <object_component_ref idref="oc-89"/>
      </symbol>
      <symbol id="sm-5b4">
         <name>__memcpy_far</name>
         <value>0x5cbc</value>
         <object_component_ref idref="oc-b9"/>
      </symbol>
      <symbol id="sm-5bf">
         <name>__mspabi_remi</name>
         <value>0x5e1c</value>
         <object_component_ref idref="oc-219"/>
      </symbol>
      <symbol id="sm-5c0">
         <name>__mspabi_divi</name>
         <value>0x5e1c</value>
         <object_component_ref idref="oc-219"/>
      </symbol>
      <symbol id="sm-5c9">
         <name>__mspabi_remu</name>
         <value>0x60ac</value>
         <object_component_ref idref="oc-232"/>
      </symbol>
      <symbol id="sm-5ca">
         <name>__mspabi_divu</name>
         <value>0x60ac</value>
         <object_component_ref idref="oc-232"/>
      </symbol>
      <symbol id="sm-5d3">
         <name>C$$EXIT</name>
         <value>0x610e</value>
         <object_component_ref idref="oc-ae"/>
      </symbol>
      <symbol id="sm-5d4">
         <name>abort</name>
         <value>0x610e</value>
         <object_component_ref idref="oc-ae"/>
      </symbol>
      <symbol id="sm-5d7">
         <name>__TI_int41</name>
         <value>0xffd2</value>
         <object_component_ref idref="oc-69"/>
      </symbol>
      <symbol id="sm-5da">
         <name>__TI_int42</name>
         <value>0xffd4</value>
         <object_component_ref idref="oc-6a"/>
      </symbol>
      <symbol id="sm-5dd">
         <name>__TI_int43</name>
         <value>0xffd6</value>
         <object_component_ref idref="oc-6b"/>
      </symbol>
      <symbol id="sm-5e0">
         <name>__TI_int44</name>
         <value>0xffd8</value>
         <object_component_ref idref="oc-6c"/>
      </symbol>
      <symbol id="sm-5e3">
         <name>__TI_int45</name>
         <value>0xffda</value>
         <object_component_ref idref="oc-6d"/>
      </symbol>
      <symbol id="sm-5e6">
         <name>__TI_int47</name>
         <value>0xffde</value>
         <object_component_ref idref="oc-6f"/>
      </symbol>
      <symbol id="sm-5e9">
         <name>__TI_int48</name>
         <value>0xffe0</value>
         <object_component_ref idref="oc-70"/>
      </symbol>
      <symbol id="sm-5ec">
         <name>__TI_int49</name>
         <value>0xffe2</value>
         <object_component_ref idref="oc-71"/>
      </symbol>
      <symbol id="sm-5ef">
         <name>__TI_int50</name>
         <value>0xffe4</value>
         <object_component_ref idref="oc-77"/>
      </symbol>
      <symbol id="sm-5f2">
         <name>__TI_int51</name>
         <value>0xffe6</value>
         <object_component_ref idref="oc-78"/>
      </symbol>
      <symbol id="sm-5f5">
         <name>__TI_int52</name>
         <value>0xffe8</value>
         <object_component_ref idref="oc-79"/>
      </symbol>
      <symbol id="sm-5f8">
         <name>__TI_int53</name>
         <value>0xffea</value>
         <object_component_ref idref="oc-7a"/>
      </symbol>
      <symbol id="sm-5fb">
         <name>__TI_int54</name>
         <value>0xffec</value>
         <object_component_ref idref="oc-7b"/>
      </symbol>
      <symbol id="sm-5fe">
         <name>__TI_int55</name>
         <value>0xffee</value>
         <object_component_ref idref="oc-7c"/>
      </symbol>
      <symbol id="sm-601">
         <name>__TI_int57</name>
         <value>0xfff2</value>
         <object_component_ref idref="oc-7e"/>
      </symbol>
      <symbol id="sm-604">
         <name>__TI_int58</name>
         <value>0xfff4</value>
         <object_component_ref idref="oc-7f"/>
      </symbol>
      <symbol id="sm-607">
         <name>__TI_int59</name>
         <value>0xfff6</value>
         <object_component_ref idref="oc-80"/>
      </symbol>
      <symbol id="sm-60a">
         <name>__TI_int60</name>
         <value>0xfff8</value>
         <object_component_ref idref="oc-81"/>
      </symbol>
      <symbol id="sm-60d">
         <name>__TI_int61</name>
         <value>0xfffa</value>
         <object_component_ref idref="oc-82"/>
      </symbol>
      <symbol id="sm-610">
         <name>__TI_int62</name>
         <value>0xfffc</value>
         <object_component_ref idref="oc-83"/>
      </symbol>
      <symbol id="sm-617">
         <name>__TI_ISR_TRAP</name>
         <value>0x6104</value>
         <object_component_ref idref="oc-96"/>
      </symbol>
      <symbol id="sm-61e">
         <name>__mspabi_mpyi_f5hw</name>
         <value>0x60c2</value>
         <object_component_ref idref="oc-1c5"/>
      </symbol>
      <symbol id="sm-626">
         <name>_system_pre_init</name>
         <value>0x610a</value>
         <object_component_ref idref="oc-9f"/>
      </symbol>
      <symbol id="sm-63d">
         <name>_auto_init</name>
         <value>0x5a7e</value>
         <object_component_ref idref="oc-a4"/>
      </symbol>
      <symbol id="sm-63e">
         <name>__TI_exit</name>
         <value>0x1</value>
      </symbol>
      <symbol id="sm-63f">
         <name>__TI_args_main</name>
         <value>0x1</value>
      </symbol>
      <symbol id="sm-640">
         <name>__TI_INITARRAY_Base</name>
         <value>0x0</value>
      </symbol>
      <symbol id="sm-641">
         <name>__TI_INITARRAY_Limit</name>
         <value>0x0</value>
      </symbol>
   </symbol_table>
   <title>Link successful</title>
</link_info>
